<?xml version="1.0" encoding="UTF-8"?>
<testsuites name="jest tests" tests="2" failures="0" time="3.217">
  <testsuite name="SAMPLE TEST" errors="0" failures="0" skipped="0" timestamp="2019-07-04T12:38:41" time="1.818" tests="2">
    <testcase classname="SAMPLE TEST should return a successful sample test " name="SAMPLE TEST should return a successful sample test " time="0.002">
    </testcase>
    <testcase classname="App should render the App component correctly" name="App should render the App component correctly" time="0.006">
    </testcase>
  </testsuite>
</testsuites>